2MASXJ03502377-5018354	0.036492	/home/tshimizu/Thesis/IRS_stitched_spectra/2MASXJ03502377-5018354_SpitzerIRS_stiched.txt
2MASXJ05054575-2351139	0.035041	/home/tshimizu/Thesis/IRS_stitched_spectra/2MASXJ05054575-2351139_SpitzerIRS_stiched.txt
2MASXJ05580206-3820043	0.03387	/home/tshimizu/Thesis/IRS_stitched_spectra/2MASXJ05580206-3820043_SpitzerIRS_stiched.txt
2MASXJ07595347+2323241	0.029183	/home/tshimizu/Thesis/IRS_stitched_spectra/2MASXJ07595347+2323241_SpitzerIRS_stiched.txt
2MASXJ09043699+5536025	0.037142	/home/tshimizu/Thesis/IRS_stitched_spectra/2MASXJ09043699+5536025_SpitzerIRS_stiched.txt
2MASXJ11454045-1827149	0.032949	/home/tshimizu/Thesis/IRS_stitched_spectra/2MASXJ11454045-1827149_SpitzerIRS_stiched.txt
2MASXJ12005792+0648226	0.036045	/home/tshimizu/Thesis/IRS_stitched_spectra/2MASXJ12005792+0648226_SpitzerIRS_stiched.txt
3C120	0.03301	/home/tshimizu/Thesis/IRS_stitched_spectra/3C120_SpitzerIRS_stiched.txt
Ark120	0.032713	/home/tshimizu/Thesis/IRS_stitched_spectra/Ark120_SpitzerIRS_stiched.txt
ARK347	0.022445	/home/tshimizu/Thesis/IRS_stitched_spectra/ARK347_SpitzerIRS_stiched.txt
CenA	0.001825	/home/tshimizu/Thesis/IRS_stitched_spectra/CenA_SpitzerIRS_stiched.txt
CGCG420-015	0.02939	/home/tshimizu/Thesis/IRS_stitched_spectra/CGCG420-015_SpitzerIRS_stiched.txt
CGCG468-002NED01	0.017505	/home/tshimizu/Thesis/IRS_stitched_spectra/CGCG468-002NED01_SpitzerIRS_stiched.txt
ESO005-G004	0.006228	/home/tshimizu/Thesis/IRS_stitched_spectra/ESO005-G004_SpitzerIRS_stiched.txt
ESO103-035	0.013286	/home/tshimizu/Thesis/IRS_stitched_spectra/ESO103-035_SpitzerIRS_stiched.txt
ESO121-IG028	0.040521	/home/tshimizu/Thesis/IRS_stitched_spectra/ESO121-IG028_SpitzerIRS_stiched.txt
ESO141-G055	0.037109	/home/tshimizu/Thesis/IRS_stitched_spectra/ESO141-G055_SpitzerIRS_stiched.txt
ESO157-G023	0.04353	/home/tshimizu/Thesis/IRS_stitched_spectra/ESO157-G023_SpitzerIRS_stiched.txt
ESO198-024	0.0455	/home/tshimizu/Thesis/IRS_stitched_spectra/ESO198-024_SpitzerIRS_stiched.txt
ESO297-018	0.025227	/home/tshimizu/Thesis/IRS_stitched_spectra/ESO297-018_SpitzerIRS_stiched.txt
ESO323-077	0.015014	/home/tshimizu/Thesis/IRS_stitched_spectra/ESO323-077_SpitzerIRS_stiched.txt
ESO374-G044	0.028453	/home/tshimizu/Thesis/IRS_stitched_spectra/ESO374-G044_SpitzerIRS_stiched.txt
ESO417-G006	0.016291	/home/tshimizu/Thesis/IRS_stitched_spectra/ESO417-G006_SpitzerIRS_stiched.txt
ESO426-G002	0.022429	/home/tshimizu/Thesis/IRS_stitched_spectra/ESO426-G002_SpitzerIRS_stiched.txt
ESO439-G009	0.02389	/home/tshimizu/Thesis/IRS_stitched_spectra/ESO439-G009_SpitzerIRS_stiched.txt
ESO506-G027	0.025024	/home/tshimizu/Thesis/IRS_stitched_spectra/ESO506-G027_SpitzerIRS_stiched.txt
ESO511-G030	0.022389	/home/tshimizu/Thesis/IRS_stitched_spectra/ESO511-G030_SpitzerIRS_stiched.txt
ESO548-G081	0.01448	/home/tshimizu/Thesis/IRS_stitched_spectra/ESO548-G081_SpitzerIRS_stiched.txt
ESO549-G049	0.026291	/home/tshimizu/Thesis/IRS_stitched_spectra/ESO549-G049_SpitzerIRS_stiched.txt
Fairall49	0.020021	/home/tshimizu/Thesis/IRS_stitched_spectra/Fairall49_SpitzerIRS_stiched.txt
Fairall51	0.014178	/home/tshimizu/Thesis/IRS_stitched_spectra/Fairall51_SpitzerIRS_stiched.txt
Fairall9	0.047016	/home/tshimizu/Thesis/IRS_stitched_spectra/Fairall9_SpitzerIRS_stiched.txt
IC0486	0.026875	/home/tshimizu/Thesis/IRS_stitched_spectra/IC0486_SpitzerIRS_stiched.txt
IC1816	0.016945	/home/tshimizu/Thesis/IRS_stitched_spectra/IC1816_SpitzerIRS_stiched.txt
IC4329A	0.016054	/home/tshimizu/Thesis/IRS_stitched_spectra/IC4329A_SpitzerIRS_stiched.txt
IC4518A	0.016261	/home/tshimizu/Thesis/IRS_stitched_spectra/IC4518A_SpitzerIRS_stiched.txt
IC5063	0.011348	/home/tshimizu/Thesis/IRS_stitched_spectra/IC5063_SpitzerIRS_stiched.txt
IISZ010	0.034267	/home/tshimizu/Thesis/IRS_stitched_spectra/IISZ010_SpitzerIRS_stiched.txt
IRAS05218-1212	0.049	/home/tshimizu/Thesis/IRS_stitched_spectra/IRAS05218-1212_SpitzerIRS_stiched.txt
LCRSB232242.2-384320	0.0359	/home/tshimizu/Thesis/IRS_stitched_spectra/LCRSB232242.2-384320_SpitzerIRS_stiched.txt
M106	0.001494	/home/tshimizu/Thesis/IRS_stitched_spectra/M106_SpitzerIRS_stiched.txt
MCG-01-13-025	0.015894	/home/tshimizu/Thesis/IRS_stitched_spectra/MCG-01-13-025_SpitzerIRS_stiched.txt
MCG-01-24-012	0.019644	/home/tshimizu/Thesis/IRS_stitched_spectra/MCG-01-24-012_SpitzerIRS_stiched.txt
MCG-02-12-050	0.036352	/home/tshimizu/Thesis/IRS_stitched_spectra/MCG-02-12-050_SpitzerIRS_stiched.txt
MCG-03-34-064	0.016541	/home/tshimizu/Thesis/IRS_stitched_spectra/MCG-03-34-064_SpitzerIRS_stiched.txt
MCG-05-23-016	0.008486	/home/tshimizu/Thesis/IRS_stitched_spectra/MCG-05-23-016_SpitzerIRS_stiched.txt
MCG-06-30-015	0.007749	/home/tshimizu/Thesis/IRS_stitched_spectra/MCG-06-30-015_SpitzerIRS_stiched.txt
MCG+01-57-016	0.024974	/home/tshimizu/Thesis/IRS_stitched_spectra/MCG+01-57-016_SpitzerIRS_stiched.txt
MCG+04-22-042	0.032349	/home/tshimizu/Thesis/IRS_stitched_spectra/MCG+04-22-042_SpitzerIRS_stiched.txt
MCG+04-48-002	0.0139	/home/tshimizu/Thesis/IRS_stitched_spectra/MCG+04-48-002_SpitzerIRS_stiched.txt
Mrk10	0.029255	/home/tshimizu/Thesis/IRS_stitched_spectra/Mrk10_SpitzerIRS_stiched.txt
Mrk1018	0.042436	/home/tshimizu/Thesis/IRS_stitched_spectra/Mrk1018_SpitzerIRS_stiched.txt
Mrk1210	0.013496	/home/tshimizu/Thesis/IRS_stitched_spectra/Mrk1210_SpitzerIRS_stiched.txt
Mrk1392	0.036135	/home/tshimizu/Thesis/IRS_stitched_spectra/Mrk1392_SpitzerIRS_stiched.txt
Mrk18	0.011088	/home/tshimizu/Thesis/IRS_stitched_spectra/Mrk18_SpitzerIRS_stiched.txt
Mrk279	0.030451	/home/tshimizu/Thesis/IRS_stitched_spectra/Mrk279_SpitzerIRS_stiched.txt
Mrk290	0.029577	/home/tshimizu/Thesis/IRS_stitched_spectra/Mrk290_SpitzerIRS_stiched.txt
Mrk3	0.013509	/home/tshimizu/Thesis/IRS_stitched_spectra/Mrk3_SpitzerIRS_stiched.txt
Mrk348	0.015034	/home/tshimizu/Thesis/IRS_stitched_spectra/Mrk348_SpitzerIRS_stiched.txt
Mrk352	0.014864	/home/tshimizu/Thesis/IRS_stitched_spectra/Mrk352_SpitzerIRS_stiched.txt
Mrk417	0.032756	/home/tshimizu/Thesis/IRS_stitched_spectra/Mrk417_SpitzerIRS_stiched.txt
Mrk477	0.037726	/home/tshimizu/Thesis/IRS_stitched_spectra/Mrk477_SpitzerIRS_stiched.txt
Mrk50	0.023433	/home/tshimizu/Thesis/IRS_stitched_spectra/Mrk50_SpitzerIRS_stiched.txt
Mrk509	0.034397	/home/tshimizu/Thesis/IRS_stitched_spectra/Mrk509_SpitzerIRS_stiched.txt
Mrk590	0.026385	/home/tshimizu/Thesis/IRS_stitched_spectra/Mrk590_SpitzerIRS_stiched.txt
Mrk841	0.036422	/home/tshimizu/Thesis/IRS_stitched_spectra/Mrk841_SpitzerIRS_stiched.txt
Mrk926	0.04686	/home/tshimizu/Thesis/IRS_stitched_spectra/Mrk926_SpitzerIRS_stiched.txt
NGC1052	0.005037	/home/tshimizu/Thesis/IRS_stitched_spectra/NGC1052_SpitzerIRS_stiched.txt
NGC1365	0.005457	/home/tshimizu/Thesis/IRS_stitched_spectra/NGC1365_SpitzerIRS_stiched.txt
NGC2110	0.007789	/home/tshimizu/Thesis/IRS_stitched_spectra/NGC2110_SpitzerIRS_stiched.txt
NGC235A	0.022229	/home/tshimizu/Thesis/IRS_stitched_spectra/NGC235A_SpitzerIRS_stiched.txt
NGC2655	0.00467	/home/tshimizu/Thesis/IRS_stitched_spectra/NGC2655_SpitzerIRS_stiched.txt
NGC2992	0.00771	/home/tshimizu/Thesis/IRS_stitched_spectra/NGC2992_SpitzerIRS_stiched.txt
NGC3079	0.003723	/home/tshimizu/Thesis/IRS_stitched_spectra/NGC3079_SpitzerIRS_stiched.txt
NGC3081	0.007976	/home/tshimizu/Thesis/IRS_stitched_spectra/NGC3081_SpitzerIRS_stiched.txt
NGC3227	0.003859	/home/tshimizu/Thesis/IRS_stitched_spectra/NGC3227_SpitzerIRS_stiched.txt
NGC3281	0.010674	/home/tshimizu/Thesis/IRS_stitched_spectra/NGC3281_SpitzerIRS_stiched.txt
NGC3393	0.012509	/home/tshimizu/Thesis/IRS_stitched_spectra/NGC3393_SpitzerIRS_stiched.txt
NGC3783	0.00973	/home/tshimizu/Thesis/IRS_stitched_spectra/NGC3783_SpitzerIRS_stiched.txt
NGC3786	0.008933	/home/tshimizu/Thesis/IRS_stitched_spectra/NGC3786_SpitzerIRS_stiched.txt
NGC4102	0.002823	/home/tshimizu/Thesis/IRS_stitched_spectra/NGC4102_SpitzerIRS_stiched.txt
NGC4151	0.003319	/home/tshimizu/Thesis/IRS_stitched_spectra/NGC4151_SpitzerIRS_stiched.txt
NGC4235	0.008039	/home/tshimizu/Thesis/IRS_stitched_spectra/NGC4235_SpitzerIRS_stiched.txt
NGC4388	0.008419	/home/tshimizu/Thesis/IRS_stitched_spectra/NGC4388_SpitzerIRS_stiched.txt
NGC4507	0.011801	/home/tshimizu/Thesis/IRS_stitched_spectra/NGC4507_SpitzerIRS_stiched.txt
NGC4939	0.010374	/home/tshimizu/Thesis/IRS_stitched_spectra/NGC4939_SpitzerIRS_stiched.txt
NGC4941	0.003696	/home/tshimizu/Thesis/IRS_stitched_spectra/NGC4941_SpitzerIRS_stiched.txt
NGC4992	0.025137	/home/tshimizu/Thesis/IRS_stitched_spectra/NGC4992_SpitzerIRS_stiched.txt
NGC5252	0.022975	/home/tshimizu/Thesis/IRS_stitched_spectra/NGC5252_SpitzerIRS_stiched.txt
NGC526A	0.019097	/home/tshimizu/Thesis/IRS_stitched_spectra/NGC526A_SpitzerIRS_stiched.txt
NGC5506	0.006181	/home/tshimizu/Thesis/IRS_stitched_spectra/NGC5506_SpitzerIRS_stiched.txt
NGC5548	0.017175	/home/tshimizu/Thesis/IRS_stitched_spectra/NGC5548_SpitzerIRS_stiched.txt
NGC5728	0.009353	/home/tshimizu/Thesis/IRS_stitched_spectra/NGC5728_SpitzerIRS_stiched.txt
NGC5899	0.008546	/home/tshimizu/Thesis/IRS_stitched_spectra/NGC5899_SpitzerIRS_stiched.txt
NGC6221	0.004999	/home/tshimizu/Thesis/IRS_stitched_spectra/NGC6221_SpitzerIRS_stiched.txt
NGC6240	0.02448	/home/tshimizu/Thesis/IRS_stitched_spectra/NGC6240_SpitzerIRS_stiched.txt
NGC6300	0.003699	/home/tshimizu/Thesis/IRS_stitched_spectra/NGC6300_SpitzerIRS_stiched.txt
NGC6814	0.005214	/home/tshimizu/Thesis/IRS_stitched_spectra/NGC6814_SpitzerIRS_stiched.txt
NGC7172	0.008683	/home/tshimizu/Thesis/IRS_stitched_spectra/NGC7172_SpitzerIRS_stiched.txt
NGC7213	0.005839	/home/tshimizu/Thesis/IRS_stitched_spectra/NGC7213_SpitzerIRS_stiched.txt
NGC7469	0.016317	/home/tshimizu/Thesis/IRS_stitched_spectra/NGC7469_SpitzerIRS_stiched.txt
NGC7582	0.005254	/home/tshimizu/Thesis/IRS_stitched_spectra/NGC7582_SpitzerIRS_stiched.txt
NGC7603	0.029524	/home/tshimizu/Thesis/IRS_stitched_spectra/NGC7603_SpitzerIRS_stiched.txt
NGC7679	0.017139	/home/tshimizu/Thesis/IRS_stitched_spectra/NGC7679_SpitzerIRS_stiched.txt
NGC788	0.013603	/home/tshimizu/Thesis/IRS_stitched_spectra/NGC788_SpitzerIRS_stiched.txt
PG2304+042	0.042	/home/tshimizu/Thesis/IRS_stitched_spectra/PG2304+042_SpitzerIRS_stiched.txt
PICTORA	0.035058	/home/tshimizu/Thesis/IRS_stitched_spectra/PICTORA_SpitzerIRS_stiched.txt
SBS0915+556	0.0494	/home/tshimizu/Thesis/IRS_stitched_spectra/SBS0915+556_SpitzerIRS_stiched.txt
SBS1301+540	0.0299	/home/tshimizu/Thesis/IRS_stitched_spectra/SBS1301+540_SpitzerIRS_stiched.txt
UGC03478	0.012769	/home/tshimizu/Thesis/IRS_stitched_spectra/UGC03478_SpitzerIRS_stiched.txt
UGC03601	0.017122	/home/tshimizu/Thesis/IRS_stitched_spectra/UGC03601_SpitzerIRS_stiched.txt
UGC06728	0.006518	/home/tshimizu/Thesis/IRS_stitched_spectra/UGC06728_SpitzerIRS_stiched.txt
UGC07064	0.024997	/home/tshimizu/Thesis/IRS_stitched_spectra/UGC07064_SpitzerIRS_stiched.txt
UGC12282	0.016992	/home/tshimizu/Thesis/IRS_stitched_spectra/UGC12282_SpitzerIRS_stiched.txt
UGC12741	0.017445	/home/tshimizu/Thesis/IRS_stitched_spectra/UGC12741_SpitzerIRS_stiched.txt
UM614	0.0327	/home/tshimizu/Thesis/IRS_stitched_spectra/UM614_SpitzerIRS_stiched.txt
